%!Adobe-FontList 1.14
%Locale:0x409

%BeginFont
Handler:DirectoryHandler
FontType:TrueType
FontName:IBMPlexSans-Bold
FamilyName:IBM Plex Sans
StyleName:Bold
FullName:IBM Plex Sans Bold
MenuName:IBM Plex Sans
StyleBits:2
WritingScript:Roman
OutlineFileName:D:\dev\limbagermana\vechi\static2\Document fonts\IBM_Plex_Sans\IBMPlexSans-Bold.ttf
DataFormat:sfntData
FileLength:142768
FileModTime:1543161234
WeightClass:700
WidthClass:5
AngleClass:0
%EndFont

%BeginFont
Handler:DirectoryHandler
FontType:TrueType
FontName:IBMPlexSans-BoldItalic
FamilyName:IBM Plex Sans
StyleName:Bold Italic
FullName:IBM Plex Sans Bold Italic
MenuName:IBM Plex Sans
StyleBits:3
WritingScript:Roman
OutlineFileName:D:\dev\limbagermana\vechi\static2\Document fonts\IBM_Plex_Sans\IBMPlexSans-BoldItalic.ttf
DataFormat:sfntData
FileLength:150856
FileModTime:1543161234
WeightClass:700
WidthClass:5
AngleClass:1
%EndFont

%BeginFont
Handler:DirectoryHandler
FontType:TrueType
FontName:IBMPlexSans-ExtraLight
FamilyName:IBM Plex Sans ExtraLight
StyleName:Regular
FullName:IBM Plex Sans ExtraLight
MenuName:IBM Plex Sans ExtraLight
StyleBits:0
WritingScript:Roman
OutlineFileName:D:\dev\limbagermana\vechi\static2\Document fonts\IBM_Plex_Sans\IBMPlexSans-ExtraLight.ttf
DataFormat:sfntData
FileLength:144984
FileModTime:1543161233
WeightClass:200
WidthClass:5
AngleClass:0
%EndFont

%BeginFont
Handler:DirectoryHandler
FontType:TrueType
FontName:IBMPlexSans-ExtraLightItalic
FamilyName:IBM Plex Sans ExtraLight
StyleName:Italic
FullName:IBM Plex Sans ExtraLight Italic
MenuName:IBM Plex Sans ExtraLight
StyleBits:1
WritingScript:Roman
OutlineFileName:D:\dev\limbagermana\vechi\static2\Document fonts\IBM_Plex_Sans\IBMPlexSans-ExtraLightItalic.ttf
DataFormat:sfntData
FileLength:153052
FileModTime:1543161233
WeightClass:200
WidthClass:5
AngleClass:1
%EndFont

%BeginFont
Handler:DirectoryHandler
FontType:TrueType
FontName:IBMPlexSans-Italic
FamilyName:IBM Plex Sans
StyleName:Italic
FullName:IBM Plex Sans Italic
MenuName:IBM Plex Sans
StyleBits:1
WritingScript:Roman
OutlineFileName:D:\dev\limbagermana\vechi\static2\Document fonts\IBM_Plex_Sans\IBMPlexSans-Italic.ttf
DataFormat:sfntData
FileLength:151104
FileModTime:1543161234
WeightClass:400
WidthClass:5
AngleClass:1
%EndFont

%BeginFont
Handler:DirectoryHandler
FontType:TrueType
FontName:IBMPlexSans-Light
FamilyName:IBM Plex Sans Light
StyleName:Regular
FullName:IBM Plex Sans Light
MenuName:IBM Plex Sans Light
StyleBits:0
WritingScript:Roman
OutlineFileName:D:\dev\limbagermana\vechi\static2\Document fonts\IBM_Plex_Sans\IBMPlexSans-Light.ttf
DataFormat:sfntData
FileLength:144156
FileModTime:1543161233
WeightClass:300
WidthClass:5
AngleClass:0
%EndFont

%BeginFont
Handler:DirectoryHandler
FontType:TrueType
FontName:IBMPlexSans-LightItalic
FamilyName:IBM Plex Sans Light
StyleName:Italic
FullName:IBM Plex Sans Light Italic
MenuName:IBM Plex Sans Light
StyleBits:1
WritingScript:Roman
OutlineFileName:D:\dev\limbagermana\vechi\static2\Document fonts\IBM_Plex_Sans\IBMPlexSans-LightItalic.ttf
DataFormat:sfntData
FileLength:151984
FileModTime:1543161234
WeightClass:300
WidthClass:5
AngleClass:1
%EndFont

%BeginFont
Handler:DirectoryHandler
FontType:TrueType
FontName:IBMPlexSans-Medium
FamilyName:IBM Plex Sans Medium
StyleName:Regular
FullName:IBM Plex Sans Medium
MenuName:IBM Plex Sans Medium
StyleBits:0
WritingScript:Roman
OutlineFileName:D:\dev\limbagermana\vechi\static2\Document fonts\IBM_Plex_Sans\IBMPlexSans-Medium.ttf
DataFormat:sfntData
FileLength:143544
FileModTime:1543161234
WeightClass:500
WidthClass:5
AngleClass:0
%EndFont

%BeginFont
Handler:DirectoryHandler
FontType:TrueType
FontName:IBMPlexSans-MediumItalic
FamilyName:IBM Plex Sans Medium
StyleName:Italic
FullName:IBM Plex Sans Medium Italic
MenuName:IBM Plex Sans Medium
StyleBits:1
WritingScript:Roman
OutlineFileName:D:\dev\limbagermana\vechi\static2\Document fonts\IBM_Plex_Sans\IBMPlexSans-MediumItalic.ttf
DataFormat:sfntData
FileLength:150920
FileModTime:1543161234
WeightClass:500
WidthClass:5
AngleClass:1
%EndFont

%BeginFont
Handler:DirectoryHandler
FontType:TrueType
FontName:IBMPlexSans
FamilyName:IBM Plex Sans
StyleName:Regular
FullName:IBM Plex Sans
MenuName:IBM Plex Sans
StyleBits:0
WritingScript:Roman
OutlineFileName:D:\dev\limbagermana\vechi\static2\Document fonts\IBM_Plex_Sans\IBMPlexSans-Regular.ttf
DataFormat:sfntData
FileLength:142836
FileModTime:1543161234
WeightClass:400
WidthClass:5
AngleClass:0
%EndFont

%BeginFont
Handler:DirectoryHandler
FontType:TrueType
FontName:IBMPlexSans-SemiBold
FamilyName:IBM Plex Sans SemiBold
StyleName:Regular
FullName:IBM Plex Sans SemiBold
MenuName:IBM Plex Sans SemiBold
StyleBits:0
WritingScript:Roman
OutlineFileName:D:\dev\limbagermana\vechi\static2\Document fonts\IBM_Plex_Sans\IBMPlexSans-SemiBold.ttf
DataFormat:sfntData
FileLength:143828
FileModTime:1543161234
WeightClass:600
WidthClass:5
AngleClass:0
%EndFont

%BeginFont
Handler:DirectoryHandler
FontType:TrueType
FontName:IBMPlexSans-SemiBoldItalic
FamilyName:IBM Plex Sans SemiBold
StyleName:Italic
FullName:IBM Plex Sans SemiBold Italic
MenuName:IBM Plex Sans SemiBold
StyleBits:1
WritingScript:Roman
OutlineFileName:D:\dev\limbagermana\vechi\static2\Document fonts\IBM_Plex_Sans\IBMPlexSans-SemiBoldItalic.ttf
DataFormat:sfntData
FileLength:151168
FileModTime:1543161234
WeightClass:600
WidthClass:5
AngleClass:1
%EndFont

%BeginFont
Handler:DirectoryHandler
FontType:TrueType
FontName:IBMPlexSans-Thin
FamilyName:IBM Plex Sans Thin
StyleName:Regular
FullName:IBM Plex Sans Thin
MenuName:IBM Plex Sans Thin
StyleBits:0
WritingScript:Roman
OutlineFileName:D:\dev\limbagermana\vechi\static2\Document fonts\IBM_Plex_Sans\IBMPlexSans-Thin.ttf
DataFormat:sfntData
FileLength:145320
FileModTime:1543161233
WeightClass:100
WidthClass:5
AngleClass:0
%EndFont

%BeginFont
Handler:DirectoryHandler
FontType:TrueType
FontName:IBMPlexSans-ThinItalic
FamilyName:IBM Plex Sans Thin
StyleName:Italic
FullName:IBM Plex Sans Thin Italic
MenuName:IBM Plex Sans Thin
StyleBits:1
WritingScript:Roman
OutlineFileName:D:\dev\limbagermana\vechi\static2\Document fonts\IBM_Plex_Sans\IBMPlexSans-ThinItalic.ttf
DataFormat:sfntData
FileLength:153100
FileModTime:1543161233
WeightClass:100
WidthClass:5
AngleClass:1
%EndFont

%BeginFont
Handler:DirectoryHandler
FontType:Invalid
OutlineFileName:D:\dev\limbagermana\vechi\static2\Document fonts\IBM_Plex_Sans\OFL.txt
FileModTime:1543161233
%EndFont

%BeginFont
Handler:DirectoryHandler
FontType:TrueType
FontName:IBMPlexMono-Bold
FamilyName:IBM Plex Mono
StyleName:Bold
FullName:IBM Plex Mono Bold
MenuName:IBM Plex Mono
StyleBits:2
WritingScript:Roman
OutlineFileName:D:\dev\limbagermana\vechi\static2\Document fonts\IBM_Plex_Mono\IBMPlexMono-Bold.ttf
DataFormat:sfntData
FileLength:107432
FileModTime:1543161233
WeightClass:700
WidthClass:5
AngleClass:0
%EndFont

%BeginFont
Handler:DirectoryHandler
FontType:TrueType
FontName:IBMPlexMono-BoldItalic
FamilyName:IBM Plex Mono
StyleName:Bold Italic
FullName:IBM Plex Mono Bold Italic
MenuName:IBM Plex Mono
StyleBits:3
WritingScript:Roman
OutlineFileName:D:\dev\limbagermana\vechi\static2\Document fonts\IBM_Plex_Mono\IBMPlexMono-BoldItalic.ttf
DataFormat:sfntData
FileLength:113272
FileModTime:1543161233
WeightClass:700
WidthClass:5
AngleClass:1
%EndFont

%BeginFont
Handler:DirectoryHandler
FontType:TrueType
FontName:IBMPlexMono-ExtraLight
FamilyName:IBM Plex Mono ExtraLight
StyleName:Regular
FullName:IBM Plex Mono ExtraLight
MenuName:IBM Plex Mono ExtraLight
StyleBits:0
WritingScript:Roman
OutlineFileName:D:\dev\limbagermana\vechi\static2\Document fonts\IBM_Plex_Mono\IBMPlexMono-ExtraLight.ttf
DataFormat:sfntData
FileLength:105692
FileModTime:1543161233
WeightClass:200
WidthClass:5
AngleClass:0
%EndFont

%BeginFont
Handler:DirectoryHandler
FontType:TrueType
FontName:IBMPlexMono-ExtraLightItalic
FamilyName:IBM Plex Mono ExtraLight
StyleName:Italic
FullName:IBM Plex Mono ExtraLight Italic
MenuName:IBM Plex Mono ExtraLight
StyleBits:1
WritingScript:Roman
OutlineFileName:D:\dev\limbagermana\vechi\static2\Document fonts\IBM_Plex_Mono\IBMPlexMono-ExtraLightItalic.ttf
DataFormat:sfntData
FileLength:113220
FileModTime:1543161233
WeightClass:200
WidthClass:5
AngleClass:1
%EndFont

%BeginFont
Handler:DirectoryHandler
FontType:TrueType
FontName:IBMPlexMono-Italic
FamilyName:IBM Plex Mono
StyleName:Italic
FullName:IBM Plex Mono Italic
MenuName:IBM Plex Mono
StyleBits:1
WritingScript:Roman
OutlineFileName:D:\dev\limbagermana\vechi\static2\Document fonts\IBM_Plex_Mono\IBMPlexMono-Italic.ttf
DataFormat:sfntData
FileLength:112664
FileModTime:1543161233
WeightClass:400
WidthClass:5
AngleClass:1
%EndFont

%BeginFont
Handler:DirectoryHandler
FontType:TrueType
FontName:IBMPlexMono-Light
FamilyName:IBM Plex Mono Light
StyleName:Regular
FullName:IBM Plex Mono Light
MenuName:IBM Plex Mono Light
StyleBits:0
WritingScript:Roman
OutlineFileName:D:\dev\limbagermana\vechi\static2\Document fonts\IBM_Plex_Mono\IBMPlexMono-Light.ttf
DataFormat:sfntData
FileLength:104884
FileModTime:1543161233
WeightClass:300
WidthClass:5
AngleClass:0
%EndFont

%BeginFont
Handler:DirectoryHandler
FontType:TrueType
FontName:IBMPlexMono-LightItalic
FamilyName:IBM Plex Mono Light
StyleName:Italic
FullName:IBM Plex Mono Light Italic
MenuName:IBM Plex Mono Light
StyleBits:1
WritingScript:Roman
OutlineFileName:D:\dev\limbagermana\vechi\static2\Document fonts\IBM_Plex_Mono\IBMPlexMono-LightItalic.ttf
DataFormat:sfntData
FileLength:112080
FileModTime:1543161233
WeightClass:300
WidthClass:5
AngleClass:1
%EndFont

%BeginFont
Handler:DirectoryHandler
FontType:TrueType
FontName:IBMPlexMono-Medium
FamilyName:IBM Plex Mono Medium
StyleName:Regular
FullName:IBM Plex Mono Medium
MenuName:IBM Plex Mono Medium
StyleBits:0
WritingScript:Roman
OutlineFileName:D:\dev\limbagermana\vechi\static2\Document fonts\IBM_Plex_Mono\IBMPlexMono-Medium.ttf
DataFormat:sfntData
FileLength:106348
FileModTime:1543161233
WeightClass:500
WidthClass:5
AngleClass:0
%EndFont

%BeginFont
Handler:DirectoryHandler
FontType:TrueType
FontName:IBMPlexMono-MediumItalic
FamilyName:IBM Plex Mono Medium
StyleName:Italic
FullName:IBM Plex Mono Medium Italic
MenuName:IBM Plex Mono Medium
StyleBits:1
WritingScript:Roman
OutlineFileName:D:\dev\limbagermana\vechi\static2\Document fonts\IBM_Plex_Mono\IBMPlexMono-MediumItalic.ttf
DataFormat:sfntData
FileLength:112740
FileModTime:1543161233
WeightClass:500
WidthClass:5
AngleClass:1
%EndFont

%BeginFont
Handler:DirectoryHandler
FontType:TrueType
FontName:IBMPlexMono
FamilyName:IBM Plex Mono
StyleName:Regular
FullName:IBM Plex Mono
MenuName:IBM Plex Mono
StyleBits:0
WritingScript:Roman
OutlineFileName:D:\dev\limbagermana\vechi\static2\Document fonts\IBM_Plex_Mono\IBMPlexMono-Regular.ttf
DataFormat:sfntData
FileLength:105184
FileModTime:1543161233
WeightClass:400
WidthClass:5
AngleClass:0
%EndFont

%BeginFont
Handler:DirectoryHandler
FontType:TrueType
FontName:IBMPlexMono-SemiBold
FamilyName:IBM Plex Mono SemiBold
StyleName:Regular
FullName:IBM Plex Mono SemiBold
MenuName:IBM Plex Mono SemiBold
StyleBits:0
WritingScript:Roman
OutlineFileName:D:\dev\limbagermana\vechi\static2\Document fonts\IBM_Plex_Mono\IBMPlexMono-SemiBold.ttf
DataFormat:sfntData
FileLength:109844
FileModTime:1543161233
WeightClass:600
WidthClass:5
AngleClass:0
%EndFont

%BeginFont
Handler:DirectoryHandler
FontType:TrueType
FontName:IBMPlexMono-SemiBoldItalic
FamilyName:IBM Plex Mono SemiBold
StyleName:Italic
FullName:IBM Plex Mono SemiBold Italic
MenuName:IBM Plex Mono SemiBold
StyleBits:1
WritingScript:Roman
OutlineFileName:D:\dev\limbagermana\vechi\static2\Document fonts\IBM_Plex_Mono\IBMPlexMono-SemiBoldItalic.ttf
DataFormat:sfntData
FileLength:116040
FileModTime:1543161233
WeightClass:600
WidthClass:5
AngleClass:1
%EndFont

%BeginFont
Handler:DirectoryHandler
FontType:TrueType
FontName:IBMPlexMono-Thin
FamilyName:IBM Plex Mono Thin
StyleName:Regular
FullName:IBM Plex Mono Thin
MenuName:IBM Plex Mono Thin
StyleBits:0
WritingScript:Roman
OutlineFileName:D:\dev\limbagermana\vechi\static2\Document fonts\IBM_Plex_Mono\IBMPlexMono-Thin.ttf
DataFormat:sfntData
FileLength:107492
FileModTime:1543161233
WeightClass:100
WidthClass:5
AngleClass:0
%EndFont

%BeginFont
Handler:DirectoryHandler
FontType:TrueType
FontName:IBMPlexMono-ThinItalic
FamilyName:IBM Plex Mono Thin
StyleName:Italic
FullName:IBM Plex Mono Thin Italic
MenuName:IBM Plex Mono Thin
StyleBits:1
WritingScript:Roman
OutlineFileName:D:\dev\limbagermana\vechi\static2\Document fonts\IBM_Plex_Mono\IBMPlexMono-ThinItalic.ttf
DataFormat:sfntData
FileLength:114696
FileModTime:1543161233
WeightClass:100
WidthClass:5
AngleClass:1
%EndFont

%BeginFont
Handler:DirectoryHandler
FontType:Invalid
OutlineFileName:D:\dev\limbagermana\vechi\static2\Document fonts\IBM_Plex_Mono\OFL.txt
FileModTime:1543161233
%EndFont

